../Core/Src/main.c:98:1:__io_putchar	16	static
../Core/Src/main.c:112:5:main	8	static
../Core/Src/main.c:250:6:SystemClock_Config	88	static
../Core/Src/main.c:297:13:MX_CAN1_Init	8	static
../Core/Src/main.c:334:13:MX_CAN2_Init	8	static
../Core/Src/main.c:371:13:MX_RNG_Init	8	static
../Core/Src/main.c:397:13:MX_RTC_Init	32	static
../Core/Src/main.c:460:13:MX_SPI1_Init	8	static
../Core/Src/main.c:498:13:MX_TIM4_Init	48	static
../Core/Src/main.c:551:13:MX_USART1_UART_Init	8	static
../Core/Src/main.c:584:13:MX_USART2_UART_Init	8	static
../Core/Src/main.c:617:13:MX_USART3_UART_Init	8	static
../Core/Src/main.c:650:13:MX_GPIO_Init	48	static
../Core/Src/main.c:730:6:Error_Handler	4	static,ignoring_inline_asm
