../Core/Src/main.c:84:1:__io_putchar	1
../Core/Src/main.c:98:5:main	4
../Core/Src/main.c:188:6:SystemClock_Config	3
../Core/Src/main.c:235:13:MX_CAN1_Init	2
../Core/Src/main.c:272:13:MX_CAN2_Init	2
../Core/Src/main.c:309:13:MX_RNG_Init	2
../Core/Src/main.c:335:13:MX_RTC_Init	4
../Core/Src/main.c:398:13:MX_SPI1_Init	2
../Core/Src/main.c:436:13:MX_TIM4_Init	5
../Core/Src/main.c:489:13:MX_USART1_UART_Init	2
../Core/Src/main.c:522:13:MX_USART2_UART_Init	2
../Core/Src/main.c:555:13:MX_USART3_UART_Init	2
../Core/Src/main.c:588:13:MX_GPIO_Init	1
../Core/Src/main.c:668:6:Error_Handler	1
