../Core/Src/main.c:84:1:__io_putchar	1
../Core/Src/main.c:98:5:main	4
../Core/Src/main.c:183:6:SystemClock_Config	3
../Core/Src/main.c:230:13:MX_CAN1_Init	2
../Core/Src/main.c:267:13:MX_CAN2_Init	2
../Core/Src/main.c:304:13:MX_RNG_Init	2
../Core/Src/main.c:330:13:MX_RTC_Init	4
../Core/Src/main.c:393:13:MX_SPI1_Init	2
../Core/Src/main.c:431:13:MX_TIM4_Init	5
../Core/Src/main.c:484:13:MX_USART1_UART_Init	2
../Core/Src/main.c:517:13:MX_USART2_UART_Init	2
../Core/Src/main.c:550:13:MX_USART3_UART_Init	2
../Core/Src/main.c:583:13:MX_GPIO_Init	1
../Core/Src/main.c:663:6:Error_Handler	1
