../Core/Src/test_nvm.c:33:13:Test_NVM_CS_Control	16	static
../Core/Src/test_nvm.c:46:26:Test_NVM_SPI_Transfer	32	static
../Core/Src/test_nvm.c:91:17:Test_NVM_ReadID	24	static
../Core/Src/test_nvm.c:106:16:Test_NVM_ReadStatus	24	static
../Core/Src/test_nvm.c:118:13:Test_NVM_WaitReady	8	static
../Core/Src/test_nvm.c:129:13:Test_NVM_WriteEnable	24	static
../Core/Src/test_nvm.c:141:26:Test_NVM_Read	40	static
../Core/Src/test_nvm.c:159:26:Test_NVM_WritePage	32	static
../Core/Src/test_nvm.c:214:26:Test_NVM_EraseSector	24	static
../Core/Src/test_nvm.c:257:6:Test_NVM_Init	16	static
../Core/Src/test_nvm.c:279:6:Test_NVM_1000ms_Task	64	static
