../Core/Src/test_heat.c:52:13:Mcal_DS18B20_DelayUs	24	static,ignoring_inline_asm
../Core/Src/test_heat.c:63:13:Mcal_DS18B20_SetInput	32	static
../Core/Src/test_heat.c:75:13:Mcal_DS18B20_SetOutput	32	static
../Core/Src/test_heat.c:88:13:Mcal_DS18B20_PullLow	8	static
../Core/Src/test_heat.c:97:13:Mcal_DS18B20_Release	8	static
../Core/Src/test_heat.c:107:22:Mcal_DS18B20_ReadPin	8	static
../Core/Src/test_heat.c:119:16:Mcal_DS18B20_Init	16	static
../Core/Src/test_heat.c:152:13:Mcal_DS18B20_WriteByte	24	static
../Core/Src/test_heat.c:175:16:Mcal_DS18B20_ReadByte	16	static
../Core/Src/test_heat.c:199:16:Mcal_DS18B20_StartConversion	8	static
../Core/Src/test_heat.c:220:16:Mcal_DS18B20_ReadTemperatureRaw	24	static
../Core/Src/test_heat.c:254:14:Mcal_DS18B20_RawToCelsius	16	static
../Core/Src/test_heat.c:269:16:Mcal_DS18B20_ReadTemperature	24	static
../Core/Src/test_heat.c:303:7:Mcal_DS18B20_GetLastTemperature	4	static
../Core/Src/test_heat.c:311:9:Mcal_DS18B20_IsInitialized	4	static
